Archive member included to satisfy reference by file (symbol)

/Applications/microchip/xc8/v3.10/avr/bin/../lib/gcc/avr/5.4.0/avrxmega3/libgcc.a(_udivmodsi4.o)
                              CMakeFiles/rec_001_default_default_XC8_compile.dir/Users/jenil/Credo/rec-001/rec-001.X/firmware/uart.c.o (__udivmodsi4)
/Applications/microchip/xc8/v3.10/avr/bin/../lib/gcc/avr/5.4.0/avrxmega3/libgcc.a(_copy_data.o)
                              CMakeFiles/rec_001_default_default_XC8_compile.dir/Users/jenil/Credo/rec-001/rec-001.X/firmware/main.c.o (__do_copy_data)
/Applications/microchip/xc8/v3.10/avr/bin/../lib/gcc/avr/5.4.0/../../../../avr/lib/avrxmega3/libc.a(exit.o)
                              /Users/jenil/.mchp_packs/Microchip/ATtiny_DFP/3.2.268/xc8/avr/lib/avrxmega3/crtattiny3217.o (exit)
/Applications/microchip/xc8/v3.10/avr/bin/../lib/gcc/avr/5.4.0/../../../../avr/lib/avrxmega3/libc.a(__sio_printf_dosux.o)
                              CMakeFiles/rec_001_default_default_XC8_compile.dir/Users/jenil/Credo/rec-001/rec-001.X/firmware/main.c.o (_printf_cdopsuxX)
/Applications/microchip/xc8/v3.10/avr/bin/../lib/gcc/avr/5.4.0/../../../../avr/lib/avrxmega3/libc.a(__fmt_d.o)
                              /Applications/microchip/xc8/v3.10/avr/bin/../lib/gcc/avr/5.4.0/../../../../avr/lib/avrxmega3/libc.a(__sio_printf_dosux.o) (__fmt_d_needed)
/Applications/microchip/xc8/v3.10/avr/bin/../lib/gcc/avr/5.4.0/../../../../avr/lib/avrxmega3/libc.a(__fmt_o.o)
                              /Applications/microchip/xc8/v3.10/avr/bin/../lib/gcc/avr/5.4.0/../../../../avr/lib/avrxmega3/libc.a(__sio_printf_dosux.o) (__fmt_o_needed)
/Applications/microchip/xc8/v3.10/avr/bin/../lib/gcc/avr/5.4.0/../../../../avr/lib/avrxmega3/libc.a(__fmt_s.o)
                              /Applications/microchip/xc8/v3.10/avr/bin/../lib/gcc/avr/5.4.0/../../../../avr/lib/avrxmega3/libc.a(__sio_printf_dosux.o) (__fmt_s_needed)
/Applications/microchip/xc8/v3.10/avr/bin/../lib/gcc/avr/5.4.0/../../../../avr/lib/avrxmega3/libc.a(__fmt_u.o)
                              /Applications/microchip/xc8/v3.10/avr/bin/../lib/gcc/avr/5.4.0/../../../../avr/lib/avrxmega3/libc.a(__fmt_d.o) (__cvt_u)
/Applications/microchip/xc8/v3.10/avr/bin/../lib/gcc/avr/5.4.0/../../../../avr/lib/avrxmega3/libc.a(__fmt_x.o)
                              /Applications/microchip/xc8/v3.10/avr/bin/../lib/gcc/avr/5.4.0/../../../../avr/lib/avrxmega3/libc.a(__sio_printf_dosux.o) (__fmt_x_needed)
/Applications/microchip/xc8/v3.10/avr/bin/../lib/gcc/avr/5.4.0/../../../../avr/lib/avrxmega3/libc.a(__pop_int.o)
                              /Applications/microchip/xc8/v3.10/avr/bin/../lib/gcc/avr/5.4.0/../../../../avr/lib/avrxmega3/libc.a(__sio_printf_dosux.o) (__pop_int_needed)
/Applications/microchip/xc8/v3.10/avr/bin/../lib/gcc/avr/5.4.0/../../../../avr/lib/avrxmega3/libc.a(__printf_core.o)
                              /Applications/microchip/xc8/v3.10/avr/bin/../lib/gcc/avr/5.4.0/../../../../avr/lib/avrxmega3/libc.a(__fmt_d.o) (__pad)
/Applications/microchip/xc8/v3.10/avr/bin/../lib/gcc/avr/5.4.0/../../../../avr/lib/avrxmega3/libc.a(fputc.o)
                              /Applications/microchip/xc8/v3.10/avr/bin/../lib/gcc/avr/5.4.0/../../../../avr/lib/avrxmega3/libc.a(__printf_core.o) (fputc)
/Applications/microchip/xc8/v3.10/avr/bin/../lib/gcc/avr/5.4.0/../../../../avr/lib/avrxmega3/libc.a(stderr.o)
                              CMakeFiles/rec_001_default_default_XC8_compile.dir/Users/jenil/Credo/rec-001/rec-001.X/firmware/main.c.o (_stderr)
/Applications/microchip/xc8/v3.10/avr/bin/../lib/gcc/avr/5.4.0/../../../../avr/lib/avrxmega3/libc.a(stdout.o)
                              CMakeFiles/rec_001_default_default_XC8_compile.dir/Users/jenil/Credo/rec-001/rec-001.X/firmware/main.c.o (_stdout)
/Applications/microchip/xc8/v3.10/avr/bin/../lib/gcc/avr/5.4.0/../../../../avr/lib/avrxmega3/libc.a(strlen.o)
                              /Applications/microchip/xc8/v3.10/avr/bin/../lib/gcc/avr/5.4.0/../../../../avr/lib/avrxmega3/libc.a(__fmt_s.o) (strlen)
/Applications/microchip/xc8/v3.10/avr/bin/../lib/gcc/avr/5.4.0/../../../../avr/lib/avrxmega3/libc.a(tolower.o)
                              /Applications/microchip/xc8/v3.10/avr/bin/../lib/gcc/avr/5.4.0/../../../../avr/lib/avrxmega3/libc.a(__printf_core.o) (tolower)
/Applications/microchip/xc8/v3.10/avr/bin/../lib/gcc/avr/5.4.0/../../../../avr/lib/avrxmega3/libc.a(toupper.o)
                              /Applications/microchip/xc8/v3.10/avr/bin/../lib/gcc/avr/5.4.0/../../../../avr/lib/avrxmega3/libc.a(__fmt_x.o) (toupper)
/Applications/microchip/xc8/v3.10/avr/bin/../lib/gcc/avr/5.4.0/../../../../avr/lib/avrxmega3/libc.a(errno.o)
                              /Applications/microchip/xc8/v3.10/avr/bin/../lib/gcc/avr/5.4.0/../../../../avr/lib/avrxmega3/libc.a(__printf_core.o) (__errno_val)
/Applications/microchip/xc8/v3.10/avr/bin/../lib/gcc/avr/5.4.0/../../../../avr/lib/avrxmega3/libc.a(_Exit.o)
                              /Applications/microchip/xc8/v3.10/avr/bin/../lib/gcc/avr/5.4.0/../../../../avr/lib/avrxmega3/libc.a(exit.o) (_Exit)
/Applications/microchip/xc8/v3.10/avr/bin/../lib/gcc/avr/5.4.0/../../../../avr/lib/avrxmega3/libc.a(__int_vfprintf.o)
                              /Applications/microchip/xc8/v3.10/avr/bin/../lib/gcc/avr/5.4.0/../../../../avr/lib/avrxmega3/libc.a(__sio_printf_dosux.o) (__vfprintf)
/Applications/microchip/xc8/v3.10/avr/bin/../lib/gcc/avr/5.4.0/avrxmega3/libgcc.a(_exit.o)
                              /Applications/microchip/xc8/v3.10/avr/bin/../lib/gcc/avr/5.4.0/../../../../avr/lib/avrxmega3/libc.a(_Exit.o) (_exit)
/Applications/microchip/xc8/v3.10/avr/bin/../lib/gcc/avr/5.4.0/avrxmega3/libgcc.a(_prologue.o)
                              /Applications/microchip/xc8/v3.10/avr/bin/../lib/gcc/avr/5.4.0/../../../../avr/lib/avrxmega3/libc.a(__sio_printf_dosux.o) (__prologue_saves__)
/Applications/microchip/xc8/v3.10/avr/bin/../lib/gcc/avr/5.4.0/avrxmega3/libgcc.a(_epilogue.o)
                              /Applications/microchip/xc8/v3.10/avr/bin/../lib/gcc/avr/5.4.0/../../../../avr/lib/avrxmega3/libc.a(__sio_printf_dosux.o) (__epilogue_restores__)

Allocating common symbols
Common symbol       size              file

__stdout_used       0x2               /Applications/microchip/xc8/v3.10/avr/bin/../lib/gcc/avr/5.4.0/../../../../avr/lib/avrxmega3/libc.a(stdout.o)
__errno_val         0x2               /Applications/microchip/xc8/v3.10/avr/bin/../lib/gcc/avr/5.4.0/../../../../avr/lib/avrxmega3/libc.a(errno.o)
__stderr_used       0x2               /Applications/microchip/xc8/v3.10/avr/bin/../lib/gcc/avr/5.4.0/../../../../avr/lib/avrxmega3/libc.a(stderr.o)

Discarded input sections

 .data          0x0000000000000000        0x0 /Users/jenil/.mchp_packs/Microchip/ATtiny_DFP/3.2.268/xc8/avr/lib/avrxmega3/crtattiny3217.o
 .bss           0x0000000000000000        0x0 /Users/jenil/.mchp_packs/Microchip/ATtiny_DFP/3.2.268/xc8/avr/lib/avrxmega3/crtattiny3217.o
 .text          0x0000000000000000        0x0 CMakeFiles/rec_001_default_default_XC8_compile.dir/Users/jenil/Credo/rec-001/rec-001.X/firmware/main.c.o
 .data          0x0000000000000000        0x0 CMakeFiles/rec_001_default_default_XC8_compile.dir/Users/jenil/Credo/rec-001/rec-001.X/firmware/main.c.o
 .bss           0x0000000000000000        0x0 CMakeFiles/rec_001_default_default_XC8_compile.dir/Users/jenil/Credo/rec-001/rec-001.X/firmware/main.c.o
 .text.console_tx
                0x0000000000000000       0x12 CMakeFiles/rec_001_default_default_XC8_compile.dir/Users/jenil/Credo/rec-001/rec-001.X/firmware/main.c.o
 .text.console_rx
                0x0000000000000000       0x34 CMakeFiles/rec_001_default_default_XC8_compile.dir/Users/jenil/Credo/rec-001/rec-001.X/firmware/main.c.o
 .text          0x0000000000000000        0x0 CMakeFiles/rec_001_default_default_XC8_compile.dir/Users/jenil/Credo/rec-001/rec-001.X/firmware/timer.c.o
 .data          0x0000000000000000        0x0 CMakeFiles/rec_001_default_default_XC8_compile.dir/Users/jenil/Credo/rec-001/rec-001.X/firmware/timer.c.o
 .bss           0x0000000000000000        0x0 CMakeFiles/rec_001_default_default_XC8_compile.dir/Users/jenil/Credo/rec-001/rec-001.X/firmware/timer.c.o
 .text.timer_overflowed
                0x0000000000000000       0x30 CMakeFiles/rec_001_default_default_XC8_compile.dir/Users/jenil/Credo/rec-001/rec-001.X/firmware/timer.c.o
 .text.timer_expire
                0x0000000000000000       0x6c CMakeFiles/rec_001_default_default_XC8_compile.dir/Users/jenil/Credo/rec-001/rec-001.X/firmware/timer.c.o
 .text.timer_get
                0x0000000000000000       0x40 CMakeFiles/rec_001_default_default_XC8_compile.dir/Users/jenil/Credo/rec-001/rec-001.X/firmware/timer.c.o
 .text.timer_set
                0x0000000000000000       0x3e CMakeFiles/rec_001_default_default_XC8_compile.dir/Users/jenil/Credo/rec-001/rec-001.X/firmware/timer.c.o
 .text          0x0000000000000000        0x0 CMakeFiles/rec_001_default_default_XC8_compile.dir/Users/jenil/Credo/rec-001/rec-001.X/firmware/uart.c.o
 .data          0x0000000000000000        0x0 CMakeFiles/rec_001_default_default_XC8_compile.dir/Users/jenil/Credo/rec-001/rec-001.X/firmware/uart.c.o
 .bss           0x0000000000000000        0x0 CMakeFiles/rec_001_default_default_XC8_compile.dir/Users/jenil/Credo/rec-001/rec-001.X/firmware/uart.c.o
 .text.uart_tx_enable
                0x0000000000000000       0x44 CMakeFiles/rec_001_default_default_XC8_compile.dir/Users/jenil/Credo/rec-001/rec-001.X/firmware/uart.c.o
 .text.uart_tx_length
                0x0000000000000000       0x38 CMakeFiles/rec_001_default_default_XC8_compile.dir/Users/jenil/Credo/rec-001/rec-001.X/firmware/uart.c.o
 .text.uart_tx_flush
                0x0000000000000000       0x22 CMakeFiles/rec_001_default_default_XC8_compile.dir/Users/jenil/Credo/rec-001/rec-001.X/firmware/uart.c.o
 .text.uart_rx_enable
                0x0000000000000000       0x1c CMakeFiles/rec_001_default_default_XC8_compile.dir/Users/jenil/Credo/rec-001/rec-001.X/firmware/uart.c.o
 .text.uart_rx  0x0000000000000000       0xf4 CMakeFiles/rec_001_default_default_XC8_compile.dir/Users/jenil/Credo/rec-001/rec-001.X/firmware/uart.c.o
 .text.uart_rx_errors
                0x0000000000000000       0x1e CMakeFiles/rec_001_default_default_XC8_compile.dir/Users/jenil/Credo/rec-001/rec-001.X/firmware/uart.c.o
 .text.uart_rx_peek
                0x0000000000000000       0x36 CMakeFiles/rec_001_default_default_XC8_compile.dir/Users/jenil/Credo/rec-001/rec-001.X/firmware/uart.c.o
 .text.uart_rx_length
                0x0000000000000000       0x10 CMakeFiles/rec_001_default_default_XC8_compile.dir/Users/jenil/Credo/rec-001/rec-001.X/firmware/uart.c.o
 .text.uart_rx_flush
                0x0000000000000000       0x14 CMakeFiles/rec_001_default_default_XC8_compile.dir/Users/jenil/Credo/rec-001/rec-001.X/firmware/uart.c.o
 .text.uart_close
                0x0000000000000000       0x30 CMakeFiles/rec_001_default_default_XC8_compile.dir/Users/jenil/Credo/rec-001/rec-001.X/firmware/uart.c.o
 .text          0x0000000000000000        0x0 /Applications/microchip/xc8/v3.10/avr/bin/../lib/gcc/avr/5.4.0/avrxmega3/libgcc.a(_udivmodsi4.o)
 .data          0x0000000000000000        0x0 /Applications/microchip/xc8/v3.10/avr/bin/../lib/gcc/avr/5.4.0/avrxmega3/libgcc.a(_udivmodsi4.o)
 .bss           0x0000000000000000        0x0 /Applications/microchip/xc8/v3.10/avr/bin/../lib/gcc/avr/5.4.0/avrxmega3/libgcc.a(_udivmodsi4.o)
 .text.libgcc.mul
                0x0000000000000000        0x0 /Applications/microchip/xc8/v3.10/avr/bin/../lib/gcc/avr/5.4.0/avrxmega3/libgcc.a(_udivmodsi4.o)
 .stack.descriptors
                0x0000000000000000       0x1a /Applications/microchip/xc8/v3.10/avr/bin/../lib/gcc/avr/5.4.0/avrxmega3/libgcc.a(_udivmodsi4.o)
 .text.libgcc   0x0000000000000000        0x0 /Applications/microchip/xc8/v3.10/avr/bin/../lib/gcc/avr/5.4.0/avrxmega3/libgcc.a(_udivmodsi4.o)
 .text.libgcc.prologue
                0x0000000000000000        0x0 /Applications/microchip/xc8/v3.10/avr/bin/../lib/gcc/avr/5.4.0/avrxmega3/libgcc.a(_udivmodsi4.o)
 .text.libgcc.builtins
                0x0000000000000000        0x0 /Applications/microchip/xc8/v3.10/avr/bin/../lib/gcc/avr/5.4.0/avrxmega3/libgcc.a(_udivmodsi4.o)
 .text.libgcc.fmul
                0x0000000000000000        0x0 /Applications/microchip/xc8/v3.10/avr/bin/../lib/gcc/avr/5.4.0/avrxmega3/libgcc.a(_udivmodsi4.o)
 .text.libgcc.fixed
                0x0000000000000000        0x0 /Applications/microchip/xc8/v3.10/avr/bin/../lib/gcc/avr/5.4.0/avrxmega3/libgcc.a(_udivmodsi4.o)
 .text          0x0000000000000000        0x0 /Applications/microchip/xc8/v3.10/avr/bin/../lib/gcc/avr/5.4.0/avrxmega3/libgcc.a(_copy_data.o)
 .data          0x0000000000000000        0x0 /Applications/microchip/xc8/v3.10/avr/bin/../lib/gcc/avr/5.4.0/avrxmega3/libgcc.a(_copy_data.o)
 .bss           0x0000000000000000        0x0 /Applications/microchip/xc8/v3.10/avr/bin/../lib/gcc/avr/5.4.0/avrxmega3/libgcc.a(_copy_data.o)
 .text.libgcc.mul
                0x0000000000000000        0x0 /Applications/microchip/xc8/v3.10/avr/bin/../lib/gcc/avr/5.4.0/avrxmega3/libgcc.a(_copy_data.o)
 .text.libgcc.div
                0x0000000000000000        0x0 /Applications/microchip/xc8/v3.10/avr/bin/../lib/gcc/avr/5.4.0/avrxmega3/libgcc.a(_copy_data.o)
 .text.libgcc   0x0000000000000000        0x0 /Applications/microchip/xc8/v3.10/avr/bin/../lib/gcc/avr/5.4.0/avrxmega3/libgcc.a(_copy_data.o)
 .text.libgcc.prologue
                0x0000000000000000        0x0 /Applications/microchip/xc8/v3.10/avr/bin/../lib/gcc/avr/5.4.0/avrxmega3/libgcc.a(_copy_data.o)
 .text.libgcc.builtins
                0x0000000000000000        0x0 /Applications/microchip/xc8/v3.10/avr/bin/../lib/gcc/avr/5.4.0/avrxmega3/libgcc.a(_copy_data.o)
 .text.libgcc.fmul
                0x0000000000000000        0x0 /Applications/microchip/xc8/v3.10/avr/bin/../lib/gcc/avr/5.4.0/avrxmega3/libgcc.a(_copy_data.o)
 .text.libgcc.fixed
                0x0000000000000000        0x0 /Applications/microchip/xc8/v3.10/avr/bin/../lib/gcc/avr/5.4.0/avrxmega3/libgcc.a(_copy_data.o)
 .text          0x0000000000000000        0x0 /Applications/microchip/xc8/v3.10/avr/bin/../lib/gcc/avr/5.4.0/../../../../avr/lib/avrxmega3/libc.a(exit.o)
 .data          0x0000000000000000        0x0 /Applications/microchip/xc8/v3.10/avr/bin/../lib/gcc/avr/5.4.0/../../../../avr/lib/avrxmega3/libc.a(exit.o)
 .bss           0x0000000000000000        0x0 /Applications/microchip/xc8/v3.10/avr/bin/../lib/gcc/avr/5.4.0/../../../../avr/lib/avrxmega3/libc.a(exit.o)
 .stack.descriptors
                0x0000000000000000       0x73 /Applications/microchip/xc8/v3.10/avr/bin/../lib/gcc/avr/5.4.0/../../../../avr/lib/avrxmega3/libc.a(exit.o)
 .text          0x0000000000000000        0x0 /Applications/microchip/xc8/v3.10/avr/bin/../lib/gcc/avr/5.4.0/../../../../avr/lib/avrxmega3/libc.a(__sio_printf_dosux.o)
 .data          0x0000000000000000        0x0 /Applications/microchip/xc8/v3.10/avr/bin/../lib/gcc/avr/5.4.0/../../../../avr/lib/avrxmega3/libc.a(__sio_printf_dosux.o)
 .bss           0x0000000000000000        0x0 /Applications/microchip/xc8/v3.10/avr/bin/../lib/gcc/avr/5.4.0/../../../../avr/lib/avrxmega3/libc.a(__sio_printf_dosux.o)
 .stack.descriptors
                0x0000000000000000       0x3b /Applications/microchip/xc8/v3.10/avr/bin/../lib/gcc/avr/5.4.0/../../../../avr/lib/avrxmega3/libc.a(__sio_printf_dosux.o)
 .text.__sio_printf_dosux
                0x0000000000000000       0x1a /Applications/microchip/xc8/v3.10/avr/bin/../lib/gcc/avr/5.4.0/../../../../avr/lib/avrxmega3/libc.a(__sio_printf_dosux.o)
 .text          0x0000000000000000        0x0 /Applications/microchip/xc8/v3.10/avr/bin/../lib/gcc/avr/5.4.0/../../../../avr/lib/avrxmega3/libc.a(__fmt_d.o)
 .data          0x0000000000000000        0x0 /Applications/microchip/xc8/v3.10/avr/bin/../lib/gcc/avr/5.4.0/../../../../avr/lib/avrxmega3/libc.a(__fmt_d.o)
 .bss           0x0000000000000000        0x0 /Applications/microchip/xc8/v3.10/avr/bin/../lib/gcc/avr/5.4.0/../../../../avr/lib/avrxmega3/libc.a(__fmt_d.o)
 .stack.descriptors
                0x0000000000000000       0x15 /Applications/microchip/xc8/v3.10/avr/bin/../lib/gcc/avr/5.4.0/../../../../avr/lib/avrxmega3/libc.a(__fmt_d.o)
 .text          0x0000000000000000        0x0 /Applications/microchip/xc8/v3.10/avr/bin/../lib/gcc/avr/5.4.0/../../../../avr/lib/avrxmega3/libc.a(__fmt_o.o)
 .data          0x0000000000000000        0x0 /Applications/microchip/xc8/v3.10/avr/bin/../lib/gcc/avr/5.4.0/../../../../avr/lib/avrxmega3/libc.a(__fmt_o.o)
 .bss           0x0000000000000000        0x0 /Applications/microchip/xc8/v3.10/avr/bin/../lib/gcc/avr/5.4.0/../../../../avr/lib/avrxmega3/libc.a(__fmt_o.o)
 .stack.descriptors
                0x0000000000000000       0x15 /Applications/microchip/xc8/v3.10/avr/bin/../lib/gcc/avr/5.4.0/../../../../avr/lib/avrxmega3/libc.a(__fmt_o.o)
 .text          0x0000000000000000        0x0 /Applications/microchip/xc8/v3.10/avr/bin/../lib/gcc/avr/5.4.0/../../../../avr/lib/avrxmega3/libc.a(__fmt_s.o)
 .data          0x0000000000000000        0x0 /Applications/microchip/xc8/v3.10/avr/bin/../lib/gcc/avr/5.4.0/../../../../avr/lib/avrxmega3/libc.a(__fmt_s.o)
 .bss           0x0000000000000000        0x0 /Applications/microchip/xc8/v3.10/avr/bin/../lib/gcc/avr/5.4.0/../../../../avr/lib/avrxmega3/libc.a(__fmt_s.o)
 .stack.descriptors
                0x0000000000000000       0x15 /Applications/microchip/xc8/v3.10/avr/bin/../lib/gcc/avr/5.4.0/../../../../avr/lib/avrxmega3/libc.a(__fmt_s.o)
 .text          0x0000000000000000        0x0 /Applications/microchip/xc8/v3.10/avr/bin/../lib/gcc/avr/5.4.0/../../../../avr/lib/avrxmega3/libc.a(__fmt_u.o)
 .data          0x0000000000000000        0x0 /Applications/microchip/xc8/v3.10/avr/bin/../lib/gcc/avr/5.4.0/../../../../avr/lib/avrxmega3/libc.a(__fmt_u.o)
 .bss           0x0000000000000000        0x0 /Applications/microchip/xc8/v3.10/avr/bin/../lib/gcc/avr/5.4.0/../../../../avr/lib/avrxmega3/libc.a(__fmt_u.o)
 .stack.descriptors
                0x0000000000000000       0x2a /Applications/microchip/xc8/v3.10/avr/bin/../lib/gcc/avr/5.4.0/../../../../avr/lib/avrxmega3/libc.a(__fmt_u.o)
 .text          0x0000000000000000        0x0 /Applications/microchip/xc8/v3.10/avr/bin/../lib/gcc/avr/5.4.0/../../../../avr/lib/avrxmega3/libc.a(__fmt_x.o)
 .data          0x0000000000000000        0x0 /Applications/microchip/xc8/v3.10/avr/bin/../lib/gcc/avr/5.4.0/../../../../avr/lib/avrxmega3/libc.a(__fmt_x.o)
 .bss           0x0000000000000000        0x0 /Applications/microchip/xc8/v3.10/avr/bin/../lib/gcc/avr/5.4.0/../../../../avr/lib/avrxmega3/libc.a(__fmt_x.o)
 .stack.descriptors
                0x0000000000000000       0x15 /Applications/microchip/xc8/v3.10/avr/bin/../lib/gcc/avr/5.4.0/../../../../avr/lib/avrxmega3/libc.a(__fmt_x.o)
 .text          0x0000000000000000        0x0 /Applications/microchip/xc8/v3.10/avr/bin/../lib/gcc/avr/5.4.0/../../../../avr/lib/avrxmega3/libc.a(__pop_int.o)
 .data          0x0000000000000000        0x0 /Applications/microchip/xc8/v3.10/avr/bin/../lib/gcc/avr/5.4.0/../../../../avr/lib/avrxmega3/libc.a(__pop_int.o)
 .bss           0x0000000000000000        0x0 /Applications/microchip/xc8/v3.10/avr/bin/../lib/gcc/avr/5.4.0/../../../../avr/lib/avrxmega3/libc.a(__pop_int.o)
 .stack.descriptors
                0x0000000000000000       0x17 /Applications/microchip/xc8/v3.10/avr/bin/../lib/gcc/avr/5.4.0/../../../../avr/lib/avrxmega3/libc.a(__pop_int.o)
 .text          0x0000000000000000        0x0 /Applications/microchip/xc8/v3.10/avr/bin/../lib/gcc/avr/5.4.0/../../../../avr/lib/avrxmega3/libc.a(__printf_core.o)
 .data          0x0000000000000000        0x0 /Applications/microchip/xc8/v3.10/avr/bin/../lib/gcc/avr/5.4.0/../../../../avr/lib/avrxmega3/libc.a(__printf_core.o)
 .bss           0x0000000000000000        0x0 /Applications/microchip/xc8/v3.10/avr/bin/../lib/gcc/avr/5.4.0/../../../../avr/lib/avrxmega3/libc.a(__printf_core.o)
 .stack.descriptors
                0x0000000000000000       0x91 /Applications/microchip/xc8/v3.10/avr/bin/../lib/gcc/avr/5.4.0/../../../../avr/lib/avrxmega3/libc.a(__printf_core.o)
 .text          0x0000000000000000        0x0 /Applications/microchip/xc8/v3.10/avr/bin/../lib/gcc/avr/5.4.0/../../../../avr/lib/avrxmega3/libc.a(fputc.o)
 .data          0x0000000000000000        0x0 /Applications/microchip/xc8/v3.10/avr/bin/../lib/gcc/avr/5.4.0/../../../../avr/lib/avrxmega3/libc.a(fputc.o)
 .bss           0x0000000000000000        0x0 /Applications/microchip/xc8/v3.10/avr/bin/../lib/gcc/avr/5.4.0/../../../../avr/lib/avrxmega3/libc.a(fputc.o)
 .stack.descriptors
                0x0000000000000000       0x13 /Applications/microchip/xc8/v3.10/avr/bin/../lib/gcc/avr/5.4.0/../../../../avr/lib/avrxmega3/libc.a(fputc.o)
 .text          0x0000000000000000        0x0 /Applications/microchip/xc8/v3.10/avr/bin/../lib/gcc/avr/5.4.0/../../../../avr/lib/avrxmega3/libc.a(stderr.o)
 .data          0x0000000000000000        0x0 /Applications/microchip/xc8/v3.10/avr/bin/../lib/gcc/avr/5.4.0/../../../../avr/lib/avrxmega3/libc.a(stderr.o)
 .bss           0x0000000000000000        0x0 /Applications/microchip/xc8/v3.10/avr/bin/../lib/gcc/avr/5.4.0/../../../../avr/lib/avrxmega3/libc.a(stderr.o)
 .stack.descriptors
                0x0000000000000000       0x1b /Applications/microchip/xc8/v3.10/avr/bin/../lib/gcc/avr/5.4.0/../../../../avr/lib/avrxmega3/libc.a(stderr.o)
 .text.__init_stderr
                0x0000000000000000       0x1a /Applications/microchip/xc8/v3.10/avr/bin/../lib/gcc/avr/5.4.0/../../../../avr/lib/avrxmega3/libc.a(stderr.o)
 .data.f        0x0000000000000000       0x10 /Applications/microchip/xc8/v3.10/avr/bin/../lib/gcc/avr/5.4.0/../../../../avr/lib/avrxmega3/libc.a(stderr.o)
 COMMON         0x0000000000000000        0x2 /Applications/microchip/xc8/v3.10/avr/bin/../lib/gcc/avr/5.4.0/../../../../avr/lib/avrxmega3/libc.a(stderr.o)
 .text          0x0000000000000000        0x0 /Applications/microchip/xc8/v3.10/avr/bin/../lib/gcc/avr/5.4.0/../../../../avr/lib/avrxmega3/libc.a(stdout.o)
 .data          0x0000000000000000        0x0 /Applications/microchip/xc8/v3.10/avr/bin/../lib/gcc/avr/5.4.0/../../../../avr/lib/avrxmega3/libc.a(stdout.o)
 .bss           0x0000000000000000        0x0 /Applications/microchip/xc8/v3.10/avr/bin/../lib/gcc/avr/5.4.0/../../../../avr/lib/avrxmega3/libc.a(stdout.o)
 .stack.descriptors
                0x0000000000000000       0x1b /Applications/microchip/xc8/v3.10/avr/bin/../lib/gcc/avr/5.4.0/../../../../avr/lib/avrxmega3/libc.a(stdout.o)
 .text.__init_stdout
                0x0000000000000000       0x1e /Applications/microchip/xc8/v3.10/avr/bin/../lib/gcc/avr/5.4.0/../../../../avr/lib/avrxmega3/libc.a(stdout.o)
 .data.f        0x0000000000000000       0x10 /Applications/microchip/xc8/v3.10/avr/bin/../lib/gcc/avr/5.4.0/../../../../avr/lib/avrxmega3/libc.a(stdout.o)
 COMMON         0x0000000000000000        0x2 /Applications/microchip/xc8/v3.10/avr/bin/../lib/gcc/avr/5.4.0/../../../../avr/lib/avrxmega3/libc.a(stdout.o)
 .text          0x0000000000000000        0x0 /Applications/microchip/xc8/v3.10/avr/bin/../lib/gcc/avr/5.4.0/../../../../avr/lib/avrxmega3/libc.a(strlen.o)
 .data          0x0000000000000000        0x0 /Applications/microchip/xc8/v3.10/avr/bin/../lib/gcc/avr/5.4.0/../../../../avr/lib/avrxmega3/libc.a(strlen.o)
 .bss           0x0000000000000000        0x0 /Applications/microchip/xc8/v3.10/avr/bin/../lib/gcc/avr/5.4.0/../../../../avr/lib/avrxmega3/libc.a(strlen.o)
 .stack.descriptors
                0x0000000000000000       0x14 /Applications/microchip/xc8/v3.10/avr/bin/../lib/gcc/avr/5.4.0/../../../../avr/lib/avrxmega3/libc.a(strlen.o)
 .text          0x0000000000000000        0x0 /Applications/microchip/xc8/v3.10/avr/bin/../lib/gcc/avr/5.4.0/../../../../avr/lib/avrxmega3/libc.a(tolower.o)
 .data          0x0000000000000000        0x0 /Applications/microchip/xc8/v3.10/avr/bin/../lib/gcc/avr/5.4.0/../../../../avr/lib/avrxmega3/libc.a(tolower.o)
 .bss           0x0000000000000000        0x0 /Applications/microchip/xc8/v3.10/avr/bin/../lib/gcc/avr/5.4.0/../../../../avr/lib/avrxmega3/libc.a(tolower.o)
 .stack.descriptors
                0x0000000000000000       0x2e /Applications/microchip/xc8/v3.10/avr/bin/../lib/gcc/avr/5.4.0/../../../../avr/lib/avrxmega3/libc.a(tolower.o)
 .text.__tolower_l
                0x0000000000000000        0x6 /Applications/microchip/xc8/v3.10/avr/bin/../lib/gcc/avr/5.4.0/../../../../avr/lib/avrxmega3/libc.a(tolower.o)
 .text          0x0000000000000000        0x0 /Applications/microchip/xc8/v3.10/avr/bin/../lib/gcc/avr/5.4.0/../../../../avr/lib/avrxmega3/libc.a(toupper.o)
 .data          0x0000000000000000        0x0 /Applications/microchip/xc8/v3.10/avr/bin/../lib/gcc/avr/5.4.0/../../../../avr/lib/avrxmega3/libc.a(toupper.o)
 .bss           0x0000000000000000        0x0 /Applications/microchip/xc8/v3.10/avr/bin/../lib/gcc/avr/5.4.0/../../../../avr/lib/avrxmega3/libc.a(toupper.o)
 .stack.descriptors
                0x0000000000000000       0x2e /Applications/microchip/xc8/v3.10/avr/bin/../lib/gcc/avr/5.4.0/../../../../avr/lib/avrxmega3/libc.a(toupper.o)
 .text.__toupper_l
                0x0000000000000000        0x6 /Applications/microchip/xc8/v3.10/avr/bin/../lib/gcc/avr/5.4.0/../../../../avr/lib/avrxmega3/libc.a(toupper.o)
 .text          0x0000000000000000        0x0 /Applications/microchip/xc8/v3.10/avr/bin/../lib/gcc/avr/5.4.0/../../../../avr/lib/avrxmega3/libc.a(errno.o)
 .data          0x0000000000000000        0x0 /Applications/microchip/xc8/v3.10/avr/bin/../lib/gcc/avr/5.4.0/../../../../avr/lib/avrxmega3/libc.a(errno.o)
 .bss           0x0000000000000000        0x0 /Applications/microchip/xc8/v3.10/avr/bin/../lib/gcc/avr/5.4.0/../../../../avr/lib/avrxmega3/libc.a(errno.o)
 .text          0x0000000000000000        0x0 /Applications/microchip/xc8/v3.10/avr/bin/../lib/gcc/avr/5.4.0/../../../../avr/lib/avrxmega3/libc.a(_Exit.o)
 .data          0x0000000000000000        0x0 /Applications/microchip/xc8/v3.10/avr/bin/../lib/gcc/avr/5.4.0/../../../../avr/lib/avrxmega3/libc.a(_Exit.o)
 .bss           0x0000000000000000        0x0 /Applications/microchip/xc8/v3.10/avr/bin/../lib/gcc/avr/5.4.0/../../../../avr/lib/avrxmega3/libc.a(_Exit.o)
 .stack.descriptors
                0x0000000000000000       0x13 /Applications/microchip/xc8/v3.10/avr/bin/../lib/gcc/avr/5.4.0/../../../../avr/lib/avrxmega3/libc.a(_Exit.o)
 .text          0x0000000000000000        0x0 /Applications/microchip/xc8/v3.10/avr/bin/../lib/gcc/avr/5.4.0/../../../../avr/lib/avrxmega3/libc.a(__int_vfprintf.o)
 .data          0x0000000000000000        0x0 /Applications/microchip/xc8/v3.10/avr/bin/../lib/gcc/avr/5.4.0/../../../../avr/lib/avrxmega3/libc.a(__int_vfprintf.o)
 .bss           0x0000000000000000        0x0 /Applications/microchip/xc8/v3.10/avr/bin/../lib/gcc/avr/5.4.0/../../../../avr/lib/avrxmega3/libc.a(__int_vfprintf.o)
 .stack.descriptors
                0x0000000000000000       0x18 /Applications/microchip/xc8/v3.10/avr/bin/../lib/gcc/avr/5.4.0/../../../../avr/lib/avrxmega3/libc.a(__int_vfprintf.o)
 .text          0x0000000000000000        0x0 /Applications/microchip/xc8/v3.10/avr/bin/../lib/gcc/avr/5.4.0/avrxmega3/libgcc.a(_exit.o)
 .data          0x0000000000000000        0x0 /Applications/microchip/xc8/v3.10/avr/bin/../lib/gcc/avr/5.4.0/avrxmega3/libgcc.a(_exit.o)
 .bss           0x0000000000000000        0x0 /Applications/microchip/xc8/v3.10/avr/bin/../lib/gcc/avr/5.4.0/avrxmega3/libgcc.a(_exit.o)
 .text.libgcc.mul
                0x0000000000000000        0x0 /Applications/microchip/xc8/v3.10/avr/bin/../lib/gcc/avr/5.4.0/avrxmega3/libgcc.a(_exit.o)
 .text.libgcc.div
                0x0000000000000000        0x0 /Applications/microchip/xc8/v3.10/avr/bin/../lib/gcc/avr/5.4.0/avrxmega3/libgcc.a(_exit.o)
 .text.libgcc   0x0000000000000000        0x0 /Applications/microchip/xc8/v3.10/avr/bin/../lib/gcc/avr/5.4.0/avrxmega3/libgcc.a(_exit.o)
 .text.libgcc.prologue
                0x0000000000000000        0x0 /Applications/microchip/xc8/v3.10/avr/bin/../lib/gcc/avr/5.4.0/avrxmega3/libgcc.a(_exit.o)
 .stack.descriptors
                0x0000000000000000       0x13 /Applications/microchip/xc8/v3.10/avr/bin/../lib/gcc/avr/5.4.0/avrxmega3/libgcc.a(_exit.o)
 .text.libgcc.builtins
                0x0000000000000000        0x0 /Applications/microchip/xc8/v3.10/avr/bin/../lib/gcc/avr/5.4.0/avrxmega3/libgcc.a(_exit.o)
 .text.libgcc.fmul
                0x0000000000000000        0x0 /Applications/microchip/xc8/v3.10/avr/bin/../lib/gcc/avr/5.4.0/avrxmega3/libgcc.a(_exit.o)
 .text.libgcc.fixed
                0x0000000000000000        0x0 /Applications/microchip/xc8/v3.10/avr/bin/../lib/gcc/avr/5.4.0/avrxmega3/libgcc.a(_exit.o)
 .text          0x0000000000000000        0x0 /Applications/microchip/xc8/v3.10/avr/bin/../lib/gcc/avr/5.4.0/avrxmega3/libgcc.a(_prologue.o)
 .data          0x0000000000000000        0x0 /Applications/microchip/xc8/v3.10/avr/bin/../lib/gcc/avr/5.4.0/avrxmega3/libgcc.a(_prologue.o)
 .bss           0x0000000000000000        0x0 /Applications/microchip/xc8/v3.10/avr/bin/../lib/gcc/avr/5.4.0/avrxmega3/libgcc.a(_prologue.o)
 .text.libgcc.mul
                0x0000000000000000        0x0 /Applications/microchip/xc8/v3.10/avr/bin/../lib/gcc/avr/5.4.0/avrxmega3/libgcc.a(_prologue.o)
 .text.libgcc.div
                0x0000000000000000        0x0 /Applications/microchip/xc8/v3.10/avr/bin/../lib/gcc/avr/5.4.0/avrxmega3/libgcc.a(_prologue.o)
 .text.libgcc   0x0000000000000000        0x0 /Applications/microchip/xc8/v3.10/avr/bin/../lib/gcc/avr/5.4.0/avrxmega3/libgcc.a(_prologue.o)
 .text.libgcc.builtins
                0x0000000000000000        0x0 /Applications/microchip/xc8/v3.10/avr/bin/../lib/gcc/avr/5.4.0/avrxmega3/libgcc.a(_prologue.o)
 .text.libgcc.fmul
                0x0000000000000000        0x0 /Applications/microchip/xc8/v3.10/avr/bin/../lib/gcc/avr/5.4.0/avrxmega3/libgcc.a(_prologue.o)
 .text.libgcc.fixed
                0x0000000000000000        0x0 /Applications/microchip/xc8/v3.10/avr/bin/../lib/gcc/avr/5.4.0/avrxmega3/libgcc.a(_prologue.o)
 .text          0x0000000000000000        0x0 /Applications/microchip/xc8/v3.10/avr/bin/../lib/gcc/avr/5.4.0/avrxmega3/libgcc.a(_epilogue.o)
 .data          0x0000000000000000        0x0 /Applications/microchip/xc8/v3.10/avr/bin/../lib/gcc/avr/5.4.0/avrxmega3/libgcc.a(_epilogue.o)
 .bss           0x0000000000000000        0x0 /Applications/microchip/xc8/v3.10/avr/bin/../lib/gcc/avr/5.4.0/avrxmega3/libgcc.a(_epilogue.o)
 .text.libgcc.mul
                0x0000000000000000        0x0 /Applications/microchip/xc8/v3.10/avr/bin/../lib/gcc/avr/5.4.0/avrxmega3/libgcc.a(_epilogue.o)
 .text.libgcc.div
                0x0000000000000000        0x0 /Applications/microchip/xc8/v3.10/avr/bin/../lib/gcc/avr/5.4.0/avrxmega3/libgcc.a(_epilogue.o)
 .text.libgcc   0x0000000000000000        0x0 /Applications/microchip/xc8/v3.10/avr/bin/../lib/gcc/avr/5.4.0/avrxmega3/libgcc.a(_epilogue.o)
 .text.libgcc.builtins
                0x0000000000000000        0x0 /Applications/microchip/xc8/v3.10/avr/bin/../lib/gcc/avr/5.4.0/avrxmega3/libgcc.a(_epilogue.o)
 .text.libgcc.fmul
                0x0000000000000000        0x0 /Applications/microchip/xc8/v3.10/avr/bin/../lib/gcc/avr/5.4.0/avrxmega3/libgcc.a(_epilogue.o)
 .text.libgcc.fixed
                0x0000000000000000        0x0 /Applications/microchip/xc8/v3.10/avr/bin/../lib/gcc/avr/5.4.0/avrxmega3/libgcc.a(_epilogue.o)

Memory Configuration

Name             Origin             Length             Attributes
text             0x0000000000000000 0x0000000000008000 xr
data             0x0000000000803800 0x0000000000000800 rw !x
eeprom           0x0000000000810000 0x0000000000000100 rw !x
fuse             0x0000000000820000 0x000000000000000a rw !x
lock             0x0000000000830000 0x0000000000000400 rw !x
signature        0x0000000000840000 0x0000000000000400 rw !x
user_signatures  0x0000000000850000 0x0000000000000400 rw !x
bootrow          0x0000000000860000 0x0000000000000400 rw !x
*default*        0x0000000000000000 0xffffffffffffffff

Linker script and memory map

Address of section .data set to 0x803800
                0x0000000000008000                __RODATA_PM_OFFSET__ = 0x8000
LOAD /Users/jenil/.mchp_packs/Microchip/ATtiny_DFP/3.2.268/xc8/avr/lib/avrxmega3/crtattiny3217.o
                0x0000000000000001                __MPLAB_BUILD = 0x1
                0x0000000000000001                __MPLAB_DEBUG = 0x1
                0x0000000000000001                __DEBUG = 0x1
LOAD CMakeFiles/rec_001_default_default_XC8_compile.dir/Users/jenil/Credo/rec-001/rec-001.X/firmware/main.c.o
LOAD CMakeFiles/rec_001_default_default_XC8_compile.dir/Users/jenil/Credo/rec-001/rec-001.X/firmware/timer.c.o
LOAD CMakeFiles/rec_001_default_default_XC8_compile.dir/Users/jenil/Credo/rec-001/rec-001.X/firmware/uart.c.o
START GROUP
LOAD /Applications/microchip/xc8/v3.10/avr/bin/../lib/gcc/avr/5.4.0/avrxmega3/libgcc.a
LOAD /Applications/microchip/xc8/v3.10/avr/bin/../lib/gcc/avr/5.4.0/../../../../avr/lib/avrxmega3/libm.a
LOAD /Applications/microchip/xc8/v3.10/avr/bin/../lib/gcc/avr/5.4.0/../../../../avr/lib/avrxmega3/libc.a
LOAD /Users/jenil/.mchp_packs/Microchip/ATtiny_DFP/3.2.268/xc8/avr/lib/avrxmega3/libattiny3217.a
END GROUP
                [0x0000000000000000]                __TEXT_REGION_ORIGIN__ = DEFINED (__TEXT_REGION_ORIGIN__)?__TEXT_REGION_ORIGIN__:0x0
                [0x0000000000803800]                __DATA_REGION_ORIGIN__ = DEFINED (__DATA_REGION_ORIGIN__)?__DATA_REGION_ORIGIN__:0x802000
                [0x0000000000008000]                __TEXT_REGION_LENGTH__ = DEFINED (__TEXT_REGION_LENGTH__)?__TEXT_REGION_LENGTH__:0x100000
                [0x0000000000000800]                __DATA_REGION_LENGTH__ = DEFINED (__DATA_REGION_LENGTH__)?__DATA_REGION_LENGTH__:0xffa0
                [0x0000000000000100]                __EEPROM_REGION_LENGTH__ = DEFINED (__EEPROM_REGION_LENGTH__)?__EEPROM_REGION_LENGTH__:0x10000
                [0x000000000000000a]                __FUSE_REGION_LENGTH__ = DEFINED (__FUSE_REGION_LENGTH__)?__FUSE_REGION_LENGTH__:0x400
                0x0000000000000400                __LOCK_REGION_LENGTH__ = DEFINED (__LOCK_REGION_LENGTH__)?__LOCK_REGION_LENGTH__:0x400
                0x0000000000000400                __SIGNATURE_REGION_LENGTH__ = DEFINED (__SIGNATURE_REGION_LENGTH__)?__SIGNATURE_REGION_LENGTH__:0x400
                0x0000000000000400                __USER_SIGNATURE_REGION_LENGTH__ = DEFINED (__USER_SIGNATURE_REGION_LENGTH__)?__USER_SIGNATURE_REGION_LENGTH__:0x400
                0x0000000000008000                __RODATA_PM_OFFSET__ = DEFINED (__RODATA_PM_OFFSET__)?__RODATA_PM_OFFSET__:0x8000
                0x0000000000000400                __BOOTROW_REGION_LENGTH__ = DEFINED (__BOOTROW_REGION_LENGTH__)?__BOOTROW_REGION_LENGTH__:0x400

.hash
 *(.hash)

.dynsym
 *(.dynsym)

.dynstr
 *(.dynstr)

.gnu.version
 *(.gnu.version)

.gnu.version_d
 *(.gnu.version_d)

.gnu.version_r
 *(.gnu.version_r)

.rel.init
 *(.rel.init)

.rela.init
 *(.rela.init)

.rel.text
 *(.rel.text)
 *(.rel.text.*)
 *(.rel.gnu.linkonce.t*)

.rela.text
 *(.rela.text)
 *(.rela.text.*)
 *(.rela.gnu.linkonce.t*)

.rel.fini
 *(.rel.fini)

.rela.fini
 *(.rela.fini)

.rel.rodata
 *(.rel.rodata)
 *(.rel.rodata.*)
 *(.rel.gnu.linkonce.r*)

.rela.rodata
 *(.rela.rodata)
 *(.rela.rodata.*)
 *(.rela.gnu.linkonce.r*)

.rel.data
 *(.rel.data)
 *(.rel.data.*)
 *(.rel.gnu.linkonce.d*)

.rela.data
 *(.rela.data)
 *(.rela.data.*)
 *(.rela.gnu.linkonce.d*)

.rel.ctors
 *(.rel.ctors)

.rela.ctors
 *(.rela.ctors)

.rel.dtors
 *(.rel.dtors)

.rela.dtors
 *(.rela.dtors)

.rel.got
 *(.rel.got)

.rela.got
 *(.rela.got)

.rel.bss
 *(.rel.bss)

.rela.bss
 *(.rela.bss)

.rel.plt
 *(.rel.plt)

.rela.plt
 *(.rela.plt)

.text           0x0000000000000000       0xfa
 *(.vectors)
 .vectors       0x0000000000000000       0x7c /Users/jenil/.mchp_packs/Microchip/ATtiny_DFP/3.2.268/xc8/avr/lib/avrxmega3/crtattiny3217.o
                0x0000000000000000                __vectors
                0x0000000000000000                __vector_default
 *(.vectors)
 *(.progmem.gcc*)
 *(.dinit)
 .dinit         0x000000000000007c       0x29 data_init
                0x00000000000000a6                . = ALIGN (0x2)
 *fill*         0x00000000000000a5        0x1 
                0x00000000000000a6                __trampolines_start = .
 *(.trampolines)
 .trampolines   0x00000000000000a6        0x0 linker stubs
 *(.trampolines*)
                0x00000000000000a6                __trampolines_end = .
 *libprintf_flt.a:*(.progmem.data)
 *libc.a:*(.progmem.data)
                0x00000000000000a6                . = ALIGN (0x2)
 *(.jumptables)
 *(.jumptables*)
 *(.lowtext)
 *(.lowtext*)
                0x00000000000000a6                __ctors_start = .
 *(.ctors)
                0x00000000000000a6                __ctors_end = .
                0x00000000000000a6                __dtors_start = .
 *(.dtors)
                0x00000000000000a6                __dtors_end = .
 SORT(*)(.ctors)
 SORT(*)(.dtors)
 *(.init0)
 .init0         0x00000000000000a6        0x0 /Users/jenil/.mchp_packs/Microchip/ATtiny_DFP/3.2.268/xc8/avr/lib/avrxmega3/crtattiny3217.o
                0x00000000000000a6                __init
 *(.init0)
 *(.init1)
 *(.init1)
 *(.init2)
 .init2         0x00000000000000a6        0xc /Users/jenil/.mchp_packs/Microchip/ATtiny_DFP/3.2.268/xc8/avr/lib/avrxmega3/crtattiny3217.o
 *(.init2)
 *(.init3)
 *(.init3)
 *(.init4)
 .init4         0x00000000000000b2       0x3c /Applications/microchip/xc8/v3.10/avr/bin/../lib/gcc/avr/5.4.0/avrxmega3/libgcc.a(_copy_data.o)
                0x00000000000000b2                __do_copy_data
                0x00000000000000e0                __do_clear_bss
 *(.init4)
 *(.init5)
 *(.init5)
 *(.init6)
 *(.init6)
 *(.init7)
 *(.init7)
 *(.init8)
 *(.init8)
 *(.init9)
 .init9         0x00000000000000ee        0x8 /Users/jenil/.mchp_packs/Microchip/ATtiny_DFP/3.2.268/xc8/avr/lib/avrxmega3/crtattiny3217.o
 *(.init9)
                0x00000000000000f6                . = ALIGN (0x2)
 *(.fini9)
 .fini9         0x00000000000000f6        0x0 /Applications/microchip/xc8/v3.10/avr/bin/../lib/gcc/avr/5.4.0/avrxmega3/libgcc.a(_exit.o)
                0x00000000000000f6                _exit
 *(.fini9)
 *(.fini8)
 *(.fini8)
 *(.fini7)
 *(.fini7)
 *(.fini6)
 *(.fini6)
 *(.fini5)
 *(.fini5)
 *(.fini4)
 *(.fini4)
 *(.fini3)
 *(.fini3)
 *(.fini2)
 *(.fini2)
 *(.fini1)
 *(.fini1)
 *(.fini0)
 .fini0         0x00000000000000f6        0x4 /Applications/microchip/xc8/v3.10/avr/bin/../lib/gcc/avr/5.4.0/avrxmega3/libgcc.a(_exit.o)
 *(.fini0)
                0x00000000000000fa                _etext = .

.data           0x0000000000803800        0x0 load address 0x00000000000000fa
                [!provide]                        PROVIDE (__data_start, .)
 *(.gnu.linkonce.d*)
                0x0000000000803800                . = ALIGN (0x2)
                0x0000000000803800                _edata = .
                [!provide]                        PROVIDE (__data_end, .)

.bss            0x0000000000803800        0x2
                [!provide]                        PROVIDE (__bss_start, .)
 *(COMMON)
 COMMON         0x0000000000803800        0x2 /Applications/microchip/xc8/v3.10/avr/bin/../lib/gcc/avr/5.4.0/../../../../avr/lib/avrxmega3/libc.a(errno.o)
                0x0000000000803800                __errno_val
                [!provide]                        PROVIDE (__bss_end, .)
                0x00000000000000fa                __data_load_start = LOADADDR (.data)
                0x00000000000000fa                __data_load_end = (__data_load_start + SIZEOF (.data))

.noinit         0x0000000000803802        0x0
                [!provide]                        PROVIDE (__noinit_start, .)
 *(.noinit*)
                [!provide]                        PROVIDE (__noinit_end, .)
                0x0000000000803802                _end = .

.eeprom         0x0000000000810000        0x0
 *(.eeprom*)
                0x0000000000810000                __eeprom_end = .

.fuse
 *(.fuse)
 *(.lfuse)
 *(.hfuse)
 *(.efuse)

.lock
 *(.lock*)

.signature
 *(.signature*)

.user_signatures
 *(.user_signatures*)

.bootrow
 *(.bootrow*)

.stab
 *(.stab)

.stabstr
 *(.stabstr)

.stab.excl
 *(.stab.excl)

.stab.exclstr
 *(.stab.exclstr)

.stab.index
 *(.stab.index)

.stab.indexstr
 *(.stab.indexstr)

.comment        0x0000000000000000       0x5b
 *(.comment)
 .comment       0x0000000000000000       0x2f CMakeFiles/rec_001_default_default_XC8_compile.dir/Users/jenil/Credo/rec-001/rec-001.X/firmware/main.c.o
                                         0x30 (size before relaxing)
 .comment       0x000000000000002f       0x30 CMakeFiles/rec_001_default_default_XC8_compile.dir/Users/jenil/Credo/rec-001/rec-001.X/firmware/timer.c.o
 .comment       0x000000000000002f       0x30 CMakeFiles/rec_001_default_default_XC8_compile.dir/Users/jenil/Credo/rec-001/rec-001.X/firmware/uart.c.o
 .comment       0x000000000000002f       0x2c /Applications/microchip/xc8/v3.10/avr/bin/../lib/gcc/avr/5.4.0/../../../../avr/lib/avrxmega3/libc.a(exit.o)
                                         0x2d (size before relaxing)
 .comment       0x000000000000005b       0x2d /Applications/microchip/xc8/v3.10/avr/bin/../lib/gcc/avr/5.4.0/../../../../avr/lib/avrxmega3/libc.a(__sio_printf_dosux.o)
 .comment       0x000000000000005b       0x2d /Applications/microchip/xc8/v3.10/avr/bin/../lib/gcc/avr/5.4.0/../../../../avr/lib/avrxmega3/libc.a(__fmt_d.o)
 .comment       0x000000000000005b       0x2d /Applications/microchip/xc8/v3.10/avr/bin/../lib/gcc/avr/5.4.0/../../../../avr/lib/avrxmega3/libc.a(__fmt_o.o)
 .comment       0x000000000000005b       0x2d /Applications/microchip/xc8/v3.10/avr/bin/../lib/gcc/avr/5.4.0/../../../../avr/lib/avrxmega3/libc.a(__fmt_s.o)
 .comment       0x000000000000005b       0x2d /Applications/microchip/xc8/v3.10/avr/bin/../lib/gcc/avr/5.4.0/../../../../avr/lib/avrxmega3/libc.a(__fmt_u.o)
 .comment       0x000000000000005b       0x2d /Applications/microchip/xc8/v3.10/avr/bin/../lib/gcc/avr/5.4.0/../../../../avr/lib/avrxmega3/libc.a(__fmt_x.o)
 .comment       0x000000000000005b       0x2d /Applications/microchip/xc8/v3.10/avr/bin/../lib/gcc/avr/5.4.0/../../../../avr/lib/avrxmega3/libc.a(__pop_int.o)
 .comment       0x000000000000005b       0x2d /Applications/microchip/xc8/v3.10/avr/bin/../lib/gcc/avr/5.4.0/../../../../avr/lib/avrxmega3/libc.a(__printf_core.o)
 .comment       0x000000000000005b       0x2d /Applications/microchip/xc8/v3.10/avr/bin/../lib/gcc/avr/5.4.0/../../../../avr/lib/avrxmega3/libc.a(fputc.o)
 .comment       0x000000000000005b       0x2d /Applications/microchip/xc8/v3.10/avr/bin/../lib/gcc/avr/5.4.0/../../../../avr/lib/avrxmega3/libc.a(stderr.o)
 .comment       0x000000000000005b       0x2d /Applications/microchip/xc8/v3.10/avr/bin/../lib/gcc/avr/5.4.0/../../../../avr/lib/avrxmega3/libc.a(stdout.o)
 .comment       0x000000000000005b       0x2d /Applications/microchip/xc8/v3.10/avr/bin/../lib/gcc/avr/5.4.0/../../../../avr/lib/avrxmega3/libc.a(strlen.o)
 .comment       0x000000000000005b       0x2d /Applications/microchip/xc8/v3.10/avr/bin/../lib/gcc/avr/5.4.0/../../../../avr/lib/avrxmega3/libc.a(tolower.o)
 .comment       0x000000000000005b       0x2d /Applications/microchip/xc8/v3.10/avr/bin/../lib/gcc/avr/5.4.0/../../../../avr/lib/avrxmega3/libc.a(toupper.o)
 .comment       0x000000000000005b       0x2d /Applications/microchip/xc8/v3.10/avr/bin/../lib/gcc/avr/5.4.0/../../../../avr/lib/avrxmega3/libc.a(errno.o)
 .comment       0x000000000000005b       0x2d /Applications/microchip/xc8/v3.10/avr/bin/../lib/gcc/avr/5.4.0/../../../../avr/lib/avrxmega3/libc.a(_Exit.o)
 .comment       0x000000000000005b       0x2d /Applications/microchip/xc8/v3.10/avr/bin/../lib/gcc/avr/5.4.0/../../../../avr/lib/avrxmega3/libc.a(__int_vfprintf.o)

.stack.descriptors.hdr
                0x0000000000000000      0x118
 .stack.descriptors.hdr
                0x0000000000000000        0xe /Applications/microchip/xc8/v3.10/avr/bin/../lib/gcc/avr/5.4.0/avrxmega3/libgcc.a(_udivmodsi4.o)
 .stack.descriptors.hdr
                0x000000000000000e        0xe /Applications/microchip/xc8/v3.10/avr/bin/../lib/gcc/avr/5.4.0/../../../../avr/lib/avrxmega3/libc.a(exit.o)
 .stack.descriptors.hdr
                0x000000000000001c        0xe /Applications/microchip/xc8/v3.10/avr/bin/../lib/gcc/avr/5.4.0/../../../../avr/lib/avrxmega3/libc.a(__sio_printf_dosux.o)
 .stack.descriptors.hdr
                0x000000000000002a        0xe /Applications/microchip/xc8/v3.10/avr/bin/../lib/gcc/avr/5.4.0/../../../../avr/lib/avrxmega3/libc.a(__fmt_d.o)
 .stack.descriptors.hdr
                0x0000000000000038        0xe /Applications/microchip/xc8/v3.10/avr/bin/../lib/gcc/avr/5.4.0/../../../../avr/lib/avrxmega3/libc.a(__fmt_o.o)
 .stack.descriptors.hdr
                0x0000000000000046        0xe /Applications/microchip/xc8/v3.10/avr/bin/../lib/gcc/avr/5.4.0/../../../../avr/lib/avrxmega3/libc.a(__fmt_s.o)
 .stack.descriptors.hdr
                0x0000000000000054        0xe /Applications/microchip/xc8/v3.10/avr/bin/../lib/gcc/avr/5.4.0/../../../../avr/lib/avrxmega3/libc.a(__fmt_u.o)
 .stack.descriptors.hdr
                0x0000000000000062        0xe /Applications/microchip/xc8/v3.10/avr/bin/../lib/gcc/avr/5.4.0/../../../../avr/lib/avrxmega3/libc.a(__fmt_x.o)
 .stack.descriptors.hdr
                0x0000000000000070        0xe /Applications/microchip/xc8/v3.10/avr/bin/../lib/gcc/avr/5.4.0/../../../../avr/lib/avrxmega3/libc.a(__pop_int.o)
 .stack.descriptors.hdr
                0x000000000000007e        0xe /Applications/microchip/xc8/v3.10/avr/bin/../lib/gcc/avr/5.4.0/../../../../avr/lib/avrxmega3/libc.a(__printf_core.o)
 .stack.descriptors.hdr
                0x000000000000008c        0xe /Applications/microchip/xc8/v3.10/avr/bin/../lib/gcc/avr/5.4.0/../../../../avr/lib/avrxmega3/libc.a(fputc.o)
 .stack.descriptors.hdr
                0x000000000000009a        0xe /Applications/microchip/xc8/v3.10/avr/bin/../lib/gcc/avr/5.4.0/../../../../avr/lib/avrxmega3/libc.a(stderr.o)
 .stack.descriptors.hdr
                0x00000000000000a8        0xe /Applications/microchip/xc8/v3.10/avr/bin/../lib/gcc/avr/5.4.0/../../../../avr/lib/avrxmega3/libc.a(stdout.o)
 .stack.descriptors.hdr
                0x00000000000000b6        0xe /Applications/microchip/xc8/v3.10/avr/bin/../lib/gcc/avr/5.4.0/../../../../avr/lib/avrxmega3/libc.a(strlen.o)
 .stack.descriptors.hdr
                0x00000000000000c4        0xe /Applications/microchip/xc8/v3.10/avr/bin/../lib/gcc/avr/5.4.0/../../../../avr/lib/avrxmega3/libc.a(tolower.o)
 .stack.descriptors.hdr
                0x00000000000000d2        0xe /Applications/microchip/xc8/v3.10/avr/bin/../lib/gcc/avr/5.4.0/../../../../avr/lib/avrxmega3/libc.a(toupper.o)
 .stack.descriptors.hdr
                0x00000000000000e0        0xe /Applications/microchip/xc8/v3.10/avr/bin/../lib/gcc/avr/5.4.0/../../../../avr/lib/avrxmega3/libc.a(errno.o)
 .stack.descriptors.hdr
                0x00000000000000ee        0xe /Applications/microchip/xc8/v3.10/avr/bin/../lib/gcc/avr/5.4.0/../../../../avr/lib/avrxmega3/libc.a(_Exit.o)
 .stack.descriptors.hdr
                0x00000000000000fc        0xe /Applications/microchip/xc8/v3.10/avr/bin/../lib/gcc/avr/5.4.0/../../../../avr/lib/avrxmega3/libc.a(__int_vfprintf.o)
 .stack.descriptors.hdr
                0x000000000000010a        0xe /Applications/microchip/xc8/v3.10/avr/bin/../lib/gcc/avr/5.4.0/avrxmega3/libgcc.a(_exit.o)

.note.GNU-stack
                0x0000000000000000        0x0
 .note.GNU-stack
                0x0000000000000000        0x0 /Applications/microchip/xc8/v3.10/avr/bin/../lib/gcc/avr/5.4.0/../../../../avr/lib/avrxmega3/libc.a(exit.o)
 .note.GNU-stack
                0x0000000000000000        0x0 /Applications/microchip/xc8/v3.10/avr/bin/../lib/gcc/avr/5.4.0/../../../../avr/lib/avrxmega3/libc.a(__sio_printf_dosux.o)
 .note.GNU-stack
                0x0000000000000000        0x0 /Applications/microchip/xc8/v3.10/avr/bin/../lib/gcc/avr/5.4.0/../../../../avr/lib/avrxmega3/libc.a(__fmt_d.o)
 .note.GNU-stack
                0x0000000000000000        0x0 /Applications/microchip/xc8/v3.10/avr/bin/../lib/gcc/avr/5.4.0/../../../../avr/lib/avrxmega3/libc.a(__fmt_o.o)
 .note.GNU-stack
                0x0000000000000000        0x0 /Applications/microchip/xc8/v3.10/avr/bin/../lib/gcc/avr/5.4.0/../../../../avr/lib/avrxmega3/libc.a(__fmt_s.o)
 .note.GNU-stack
                0x0000000000000000        0x0 /Applications/microchip/xc8/v3.10/avr/bin/../lib/gcc/avr/5.4.0/../../../../avr/lib/avrxmega3/libc.a(__fmt_u.o)
 .note.GNU-stack
                0x0000000000000000        0x0 /Applications/microchip/xc8/v3.10/avr/bin/../lib/gcc/avr/5.4.0/../../../../avr/lib/avrxmega3/libc.a(__fmt_x.o)
 .note.GNU-stack
                0x0000000000000000        0x0 /Applications/microchip/xc8/v3.10/avr/bin/../lib/gcc/avr/5.4.0/../../../../avr/lib/avrxmega3/libc.a(__pop_int.o)
 .note.GNU-stack
                0x0000000000000000        0x0 /Applications/microchip/xc8/v3.10/avr/bin/../lib/gcc/avr/5.4.0/../../../../avr/lib/avrxmega3/libc.a(__printf_core.o)
 .note.GNU-stack
                0x0000000000000000        0x0 /Applications/microchip/xc8/v3.10/avr/bin/../lib/gcc/avr/5.4.0/../../../../avr/lib/avrxmega3/libc.a(fputc.o)
 .note.GNU-stack
                0x0000000000000000        0x0 /Applications/microchip/xc8/v3.10/avr/bin/../lib/gcc/avr/5.4.0/../../../../avr/lib/avrxmega3/libc.a(stderr.o)
 .note.GNU-stack
                0x0000000000000000        0x0 /Applications/microchip/xc8/v3.10/avr/bin/../lib/gcc/avr/5.4.0/../../../../avr/lib/avrxmega3/libc.a(stdout.o)
 .note.GNU-stack
                0x0000000000000000        0x0 /Applications/microchip/xc8/v3.10/avr/bin/../lib/gcc/avr/5.4.0/../../../../avr/lib/avrxmega3/libc.a(strlen.o)
 .note.GNU-stack
                0x0000000000000000        0x0 /Applications/microchip/xc8/v3.10/avr/bin/../lib/gcc/avr/5.4.0/../../../../avr/lib/avrxmega3/libc.a(tolower.o)
 .note.GNU-stack
                0x0000000000000000        0x0 /Applications/microchip/xc8/v3.10/avr/bin/../lib/gcc/avr/5.4.0/../../../../avr/lib/avrxmega3/libc.a(toupper.o)
 .note.GNU-stack
                0x0000000000000000        0x0 /Applications/microchip/xc8/v3.10/avr/bin/../lib/gcc/avr/5.4.0/../../../../avr/lib/avrxmega3/libc.a(errno.o)
 .note.GNU-stack
                0x0000000000000000        0x0 /Applications/microchip/xc8/v3.10/avr/bin/../lib/gcc/avr/5.4.0/../../../../avr/lib/avrxmega3/libc.a(_Exit.o)
 .note.GNU-stack
                0x0000000000000000        0x0 /Applications/microchip/xc8/v3.10/avr/bin/../lib/gcc/avr/5.4.0/../../../../avr/lib/avrxmega3/libc.a(__int_vfprintf.o)

.note.gnu.build-id
 *(.note.gnu.build-id)

.debug
 *(.debug)

.line
 *(.line)

.debug_srcinfo
 *(.debug_srcinfo)

.debug_sfnames
 *(.debug_sfnames)

.debug_aranges  0x0000000000000000      0x160
 *(.debug_aranges)
 .debug_aranges
                0x0000000000000000       0x58 CMakeFiles/rec_001_default_default_XC8_compile.dir/Users/jenil/Credo/rec-001/rec-001.X/firmware/main.c.o
 .debug_aranges
                0x0000000000000058       0x78 CMakeFiles/rec_001_default_default_XC8_compile.dir/Users/jenil/Credo/rec-001/rec-001.X/firmware/timer.c.o
 .debug_aranges
                0x00000000000000d0       0x90 CMakeFiles/rec_001_default_default_XC8_compile.dir/Users/jenil/Credo/rec-001/rec-001.X/firmware/uart.c.o

.debug_pubnames
 *(.debug_pubnames)

.debug_info     0x0000000000000000     0x4f1c
 *(.debug_info .gnu.linkonce.wi.*)
 .debug_info    0x0000000000000000     0x1f58 /Users/jenil/.mchp_packs/Microchip/ATtiny_DFP/3.2.268/xc8/avr/lib/avrxmega3/crtattiny3217.o
 .debug_info    0x0000000000001f58     0x1588 CMakeFiles/rec_001_default_default_XC8_compile.dir/Users/jenil/Credo/rec-001/rec-001.X/firmware/main.c.o
 .debug_info    0x00000000000034e0      0xc56 CMakeFiles/rec_001_default_default_XC8_compile.dir/Users/jenil/Credo/rec-001/rec-001.X/firmware/timer.c.o
 .debug_info    0x0000000000004136      0xde6 CMakeFiles/rec_001_default_default_XC8_compile.dir/Users/jenil/Credo/rec-001/rec-001.X/firmware/uart.c.o

.debug_abbrev   0x0000000000000000     0x26c6
 *(.debug_abbrev)
 .debug_abbrev  0x0000000000000000     0x1daa /Users/jenil/.mchp_packs/Microchip/ATtiny_DFP/3.2.268/xc8/avr/lib/avrxmega3/crtattiny3217.o
 .debug_abbrev  0x0000000000001daa      0x31d CMakeFiles/rec_001_default_default_XC8_compile.dir/Users/jenil/Credo/rec-001/rec-001.X/firmware/main.c.o
 .debug_abbrev  0x00000000000020c7      0x309 CMakeFiles/rec_001_default_default_XC8_compile.dir/Users/jenil/Credo/rec-001/rec-001.X/firmware/timer.c.o
 .debug_abbrev  0x00000000000023d0      0x2f6 CMakeFiles/rec_001_default_default_XC8_compile.dir/Users/jenil/Credo/rec-001/rec-001.X/firmware/uart.c.o

.debug_line     0x0000000000000000     0x10f6
 *(.debug_line .debug_line.* .debug_line_end)
 .debug_line    0x0000000000000000      0x151 /Users/jenil/.mchp_packs/Microchip/ATtiny_DFP/3.2.268/xc8/avr/lib/avrxmega3/crtattiny3217.o
 .debug_line    0x0000000000000151      0x427 CMakeFiles/rec_001_default_default_XC8_compile.dir/Users/jenil/Credo/rec-001/rec-001.X/firmware/main.c.o
 .debug_line    0x0000000000000578      0x584 CMakeFiles/rec_001_default_default_XC8_compile.dir/Users/jenil/Credo/rec-001/rec-001.X/firmware/timer.c.o
 .debug_line    0x0000000000000afc      0x5fa CMakeFiles/rec_001_default_default_XC8_compile.dir/Users/jenil/Credo/rec-001/rec-001.X/firmware/uart.c.o

.debug_frame    0x0000000000000000      0x38c
 *(.debug_frame)
 .debug_frame   0x0000000000000000       0xc4 CMakeFiles/rec_001_default_default_XC8_compile.dir/Users/jenil/Credo/rec-001/rec-001.X/firmware/main.c.o
 .debug_frame   0x00000000000000c4      0x168 CMakeFiles/rec_001_default_default_XC8_compile.dir/Users/jenil/Credo/rec-001/rec-001.X/firmware/timer.c.o
 .debug_frame   0x000000000000022c      0x160 CMakeFiles/rec_001_default_default_XC8_compile.dir/Users/jenil/Credo/rec-001/rec-001.X/firmware/uart.c.o

.debug_str      0x0000000000000000      0xe28
 *(.debug_str)
 .debug_str     0x0000000000000000      0xd21 /Users/jenil/.mchp_packs/Microchip/ATtiny_DFP/3.2.268/xc8/avr/lib/avrxmega3/crtattiny3217.o
 .debug_str     0x0000000000000d21       0xc3 CMakeFiles/rec_001_default_default_XC8_compile.dir/Users/jenil/Credo/rec-001/rec-001.X/firmware/main.c.o
 .debug_str     0x0000000000000de4       0x1d CMakeFiles/rec_001_default_default_XC8_compile.dir/Users/jenil/Credo/rec-001/rec-001.X/firmware/timer.c.o
 .debug_str     0x0000000000000e01       0x27 CMakeFiles/rec_001_default_default_XC8_compile.dir/Users/jenil/Credo/rec-001/rec-001.X/firmware/uart.c.o

.debug_loc      0x0000000000000000      0xc78
 *(.debug_loc)
 .debug_loc     0x0000000000000000      0x132 CMakeFiles/rec_001_default_default_XC8_compile.dir/Users/jenil/Credo/rec-001/rec-001.X/firmware/main.c.o
 .debug_loc     0x0000000000000132      0x533 CMakeFiles/rec_001_default_default_XC8_compile.dir/Users/jenil/Credo/rec-001/rec-001.X/firmware/timer.c.o
 .debug_loc     0x0000000000000665      0x613 CMakeFiles/rec_001_default_default_XC8_compile.dir/Users/jenil/Credo/rec-001/rec-001.X/firmware/uart.c.o

.debug_macinfo
 *(.debug_macinfo)

.debug_weaknames
 *(.debug_weaknames)

.debug_funcnames
 *(.debug_funcnames)

.debug_typenames
 *(.debug_typenames)

.debug_varnames
 *(.debug_varnames)

.debug_pubtypes
 *(.debug_pubtypes)

.debug_ranges   0x0000000000000000      0x190
 *(.debug_ranges)
 .debug_ranges  0x0000000000000000       0x60 CMakeFiles/rec_001_default_default_XC8_compile.dir/Users/jenil/Credo/rec-001/rec-001.X/firmware/main.c.o
 .debug_ranges  0x0000000000000060       0x68 CMakeFiles/rec_001_default_default_XC8_compile.dir/Users/jenil/Credo/rec-001/rec-001.X/firmware/timer.c.o
 .debug_ranges  0x00000000000000c8       0xc8 CMakeFiles/rec_001_default_default_XC8_compile.dir/Users/jenil/Credo/rec-001/rec-001.X/firmware/uart.c.o

.debug_macro
 *(.debug_macro)
OUTPUT(/Users/jenil/Credo/rec-001/rec-001.X/out/rec-001/default.elf elf32-avr)
LOAD linker stubs
LOAD data_init

.note.gnu.avr.deviceinfo
                0x0000000000000000       0x40
 .note.gnu.avr.deviceinfo
                0x0000000000000000       0x40 /Users/jenil/.mchp_packs/Microchip/ATtiny_DFP/3.2.268/xc8/avr/lib/avrxmega3/crtattiny3217.o

.bss.runtime    0x0000000000803802       0x2c
 .bss.runtime   0x0000000000803802       0x2c CMakeFiles/rec_001_default_default_XC8_compile.dir/Users/jenil/Credo/rec-001/rec-001.X/firmware/main.c.o

.bss.ticks      0x0000000000803870        0x4
 .bss.ticks     0x0000000000803870        0x4 CMakeFiles/rec_001_default_default_XC8_compile.dir/Users/jenil/Credo/rec-001/rec-001.X/firmware/timer.c.o

.bss.timers     0x0000000000803874        0x4
 .bss.timers    0x0000000000803874        0x4 CMakeFiles/rec_001_default_default_XC8_compile.dir/Users/jenil/Credo/rec-001/rec-001.X/firmware/timer.c.o

.bss.rx0        0x0000000000803862        0xe
 .bss.rx0       0x0000000000803862        0xe CMakeFiles/rec_001_default_default_XC8_compile.dir/Users/jenil/Credo/rec-001/rec-001.X/firmware/uart.c.o

.bss.tx0        0x000000000080382e       0x24
 .bss.tx0       0x000000000080382e       0x24 CMakeFiles/rec_001_default_default_XC8_compile.dir/Users/jenil/Credo/rec-001/rec-001.X/firmware/uart.c.o

.bss.__stderr   0x000000000080387a        0x2
 .bss.__stderr  0x000000000080387a        0x2 /Applications/microchip/xc8/v3.10/avr/bin/../lib/gcc/avr/5.4.0/../../../../avr/lib/avrxmega3/libc.a(stderr.o)

.bss.__stdout   0x000000000080387e        0x2
 .bss.__stdout  0x000000000080387e        0x2 /Applications/microchip/xc8/v3.10/avr/bin/../lib/gcc/avr/5.4.0/../../../../avr/lib/avrxmega3/libc.a(stdout.o)

.text.vfpfcnvrt
                0x00000000000000fa      0x3fc
 .text.vfpfcnvrt
                0x00000000000000fa      0x3fc /Applications/microchip/xc8/v3.10/avr/bin/../lib/gcc/avr/5.4.0/../../../../avr/lib/avrxmega3/libc.a(__printf_core.o)
                0x00000000000000fa                vfpfcnvrt

.text.__fmt_x   0x00000000000004f6      0x1dc
 .text.__fmt_x  0x00000000000004f6      0x1dc /Applications/microchip/xc8/v3.10/avr/bin/../lib/gcc/avr/5.4.0/../../../../avr/lib/avrxmega3/libc.a(__fmt_x.o)
                0x00000000000004f6                __fmt_x
                0x00000000000004f6                __fmt_x_needed

.text.main      0x00000000000006d2      0x1ac
 .text.main     0x00000000000006d2      0x1ac CMakeFiles/rec_001_default_default_XC8_compile.dir/Users/jenil/Credo/rec-001/rec-001.X/firmware/main.c.o
                0x00000000000006d2                main

.text._timer_update
                0x000000000000087e      0x164
 .text._timer_update
                0x000000000000087e      0x164 CMakeFiles/rec_001_default_default_XC8_compile.dir/Users/jenil/Credo/rec-001/rec-001.X/firmware/timer.c.o

.text.uart_tx   0x00000000000009e2       0xec
 .text.uart_tx  0x00000000000009e2       0xec CMakeFiles/rec_001_default_default_XC8_compile.dir/Users/jenil/Credo/rec-001/rec-001.X/firmware/uart.c.o
                0x00000000000009e2                uart_tx

.text.__fmt_d   0x0000000000000ace       0xe4
 .text.__fmt_d  0x0000000000000ace       0xe4 /Applications/microchip/xc8/v3.10/avr/bin/../lib/gcc/avr/5.4.0/../../../../avr/lib/avrxmega3/libc.a(__fmt_d.o)
                0x0000000000000ace                __fmt_d_needed
                0x0000000000000ace                __fmt_d

.text.__pop_int
                0x0000000000000bb2       0xd0
 .text.__pop_int
                0x0000000000000bb2       0xd0 /Applications/microchip/xc8/v3.10/avr/bin/../lib/gcc/avr/5.4.0/../../../../avr/lib/avrxmega3/libc.a(__pop_int.o)
                0x0000000000000bb2                __pop_int
                0x0000000000000bb2                __pop_int_needed

.text.__cvt_u   0x0000000000000c82       0xca
 .text.__cvt_u  0x0000000000000c82       0xca /Applications/microchip/xc8/v3.10/avr/bin/../lib/gcc/avr/5.4.0/../../../../avr/lib/avrxmega3/libc.a(__fmt_u.o)
                0x0000000000000c82                __cvt_u

.text.__fmt_o   0x0000000000000d4c       0xb2
 .text.__fmt_o  0x0000000000000d4c       0xb2 /Applications/microchip/xc8/v3.10/avr/bin/../lib/gcc/avr/5.4.0/../../../../avr/lib/avrxmega3/libc.a(__fmt_o.o)
                0x0000000000000d4c                __fmt_o_needed
                0x0000000000000d4c                __fmt_o

.text.__vector_27
                0x0000000000000dfe       0xb0
 .text.__vector_27
                0x0000000000000dfe       0xb0 CMakeFiles/rec_001_default_default_XC8_compile.dir/Users/jenil/Credo/rec-001/rec-001.X/firmware/uart.c.o
                0x0000000000000dfe                __vector_27

.text.fputc     0x0000000000000eae       0x98
 .text.fputc    0x0000000000000eae       0x98 /Applications/microchip/xc8/v3.10/avr/bin/../lib/gcc/avr/5.4.0/../../../../avr/lib/avrxmega3/libc.a(fputc.o)
                0x0000000000000eae                putc
                0x0000000000000eae                fputc

.text.__fmt_u   0x0000000000000f46       0x8e
 .text.__fmt_u  0x0000000000000f46       0x8e /Applications/microchip/xc8/v3.10/avr/bin/../lib/gcc/avr/5.4.0/../../../../avr/lib/avrxmega3/libc.a(__fmt_u.o)
                0x0000000000000f46                __fmt_u
                0x0000000000000f46                __fmt_u_needed

.text.__vector_28
                0x0000000000000fd4       0x88
 .text.__vector_28
                0x0000000000000fd4       0x88 CMakeFiles/rec_001_default_default_XC8_compile.dir/Users/jenil/Credo/rec-001/rec-001.X/firmware/uart.c.o
                0x0000000000000fd4                __vector_28

.text.__vector_6
                0x000000000000105c       0x86
 .text.__vector_6
                0x000000000000105c       0x86 CMakeFiles/rec_001_default_default_XC8_compile.dir/Users/jenil/Credo/rec-001/rec-001.X/firmware/timer.c.o
                0x000000000000105c                __vector_6

.text.forward_pwm_init
                0x00000000000010e2       0x7a
 .text.forward_pwm_init
                0x00000000000010e2       0x7a CMakeFiles/rec_001_default_default_XC8_compile.dir/Users/jenil/Credo/rec-001/rec-001.X/firmware/main.c.o
                0x00000000000010e2                forward_pwm_init

.text.timer_add
                0x000000000000115c       0x74
 .text.timer_add
                0x000000000000115c       0x74 CMakeFiles/rec_001_default_default_XC8_compile.dir/Users/jenil/Credo/rec-001/rec-001.X/firmware/timer.c.o
                0x000000000000115c                timer_add

.text.__pad     0x00000000000011d0       0x72
 .text.__pad    0x00000000000011d0       0x72 /Applications/microchip/xc8/v3.10/avr/bin/../lib/gcc/avr/5.4.0/../../../../avr/lib/avrxmega3/libc.a(__printf_core.o)
                0x00000000000011d0                __pad

.text.__printf_core
                0x0000000000001242       0x68
 .text.__printf_core
                0x0000000000001242       0x68 /Applications/microchip/xc8/v3.10/avr/bin/../lib/gcc/avr/5.4.0/../../../../avr/lib/avrxmega3/libc.a(__printf_core.o)
                0x0000000000001242                __printf_core

.text.uart_init
                0x00000000000012aa       0x60
 .text.uart_init
                0x00000000000012aa       0x60 CMakeFiles/rec_001_default_default_XC8_compile.dir/Users/jenil/Credo/rec-001/rec-001.X/firmware/uart.c.o
                0x00000000000012aa                uart_init

.text.read_prec_or_width
                0x000000000000130a       0x5c
 .text.read_prec_or_width
                0x000000000000130a       0x5c /Applications/microchip/xc8/v3.10/avr/bin/../lib/gcc/avr/5.4.0/../../../../avr/lib/avrxmega3/libc.a(__printf_core.o)

.text.timer_enable
                0x0000000000001366       0x5a
 .text.timer_enable
                0x0000000000001366       0x5a CMakeFiles/rec_001_default_default_XC8_compile.dir/Users/jenil/Credo/rec-001/rec-001.X/firmware/timer.c.o
                0x0000000000001366                timer_enable

.text.__fmt_s   0x00000000000013c0       0x54
 .text.__fmt_s  0x00000000000013c0       0x54 /Applications/microchip/xc8/v3.10/avr/bin/../lib/gcc/avr/5.4.0/../../../../avr/lib/avrxmega3/libc.a(__fmt_s.o)
                0x00000000000013c0                __fmt_s_needed
                0x00000000000013c0                __fmt_s
                0x00000000000013c0                __fmt_0_needed

.text.drive_motor
                0x0000000000001414       0x48
 .text.drive_motor
                0x0000000000001414       0x48 CMakeFiles/rec_001_default_default_XC8_compile.dir/Users/jenil/Credo/rec-001/rec-001.X/firmware/main.c.o
                0x0000000000001414                drive_motor

.text.libgcc.div
                0x000000000000145c       0x44
 .text.libgcc.div
                0x000000000000145c       0x44 /Applications/microchip/xc8/v3.10/avr/bin/../lib/gcc/avr/5.4.0/avrxmega3/libgcc.a(_udivmodsi4.o)
                0x000000000000145c                __udivmodsi4

.text.__fmt_state
                0x00000000000014a0       0x40
 .text.__fmt_state
                0x00000000000014a0       0x40 /Applications/microchip/xc8/v3.10/avr/bin/../lib/gcc/avr/5.4.0/../../../../avr/lib/avrxmega3/libc.a(__printf_core.o)
                0x00000000000014a0                __fmt_state

.text.timer_update
                0x00000000000014e0       0x3e
 .text.timer_update
                0x00000000000014e0       0x3e CMakeFiles/rec_001_default_default_XC8_compile.dir/Users/jenil/Credo/rec-001/rec-001.X/firmware/timer.c.o
                0x00000000000014e0                timer_update

.text.__out     0x000000000000151e       0x3a
 .text.__out    0x000000000000151e       0x3a /Applications/microchip/xc8/v3.10/avr/bin/../lib/gcc/avr/5.4.0/../../../../avr/lib/avrxmega3/libc.a(__printf_core.o)
                0x000000000000151e                __out

.text.timer_reset
                0x0000000000001558       0x36
 .text.timer_reset
                0x0000000000001558       0x36 CMakeFiles/rec_001_default_default_XC8_compile.dir/Users/jenil/Credo/rec-001/rec-001.X/firmware/timer.c.o
                0x0000000000001558                timer_reset

.text.libgcc.prologue
                0x000000000000158e       0x32
 .text.libgcc.prologue
                0x000000000000158e       0x32 /Applications/microchip/xc8/v3.10/avr/bin/../lib/gcc/avr/5.4.0/avrxmega3/libgcc.a(_prologue.o)
                0x000000000000158e                __prologue_saves__

.text.__wrap_printf
                0x00000000000015c0       0x30
 .text.__wrap_printf
                0x00000000000015c0       0x30 /Applications/microchip/xc8/v3.10/avr/bin/../lib/gcc/avr/5.4.0/../../../../avr/lib/avrxmega3/libc.a(__sio_printf_dosux.o)
                0x00000000000015c0                _printf_cdopsuxX

.text.__vfprintf
                0x00000000000015f0       0x30
 .text.__vfprintf
                0x00000000000015f0       0x30 /Applications/microchip/xc8/v3.10/avr/bin/../lib/gcc/avr/5.4.0/../../../../avr/lib/avrxmega3/libc.a(__int_vfprintf.o)
                0x00000000000015f0                __vfprintf

.text.libgcc.prologue
                0x0000000000001620       0x30
 .text.libgcc.prologue
                0x0000000000001620       0x30 /Applications/microchip/xc8/v3.10/avr/bin/../lib/gcc/avr/5.4.0/avrxmega3/libgcc.a(_epilogue.o)
                0x0000000000001620                __epilogue_restores__

.text.timer_expired
                0x0000000000001650       0x2c
 .text.timer_expired
                0x0000000000001650       0x2c CMakeFiles/rec_001_default_default_XC8_compile.dir/Users/jenil/Credo/rec-001/rec-001.X/firmware/timer.c.o
                0x0000000000001650                timer_expired

.text._fputc    0x000000000000167c       0x20
 .text._fputc   0x000000000000167c       0x20 CMakeFiles/rec_001_default_default_XC8_compile.dir/Users/jenil/Credo/rec-001/rec-001.X/firmware/main.c.o

.rodata         0x000000000080969c       0x1e load address 0x000000000000169c
 .rodata        0x000000000080969c       0x1e CMakeFiles/rec_001_default_default_XC8_compile.dir/Users/jenil/Credo/rec-001/rec-001.X/firmware/main.c.o

.text.strlen    0x00000000000016ba       0x1c
 .text.strlen   0x00000000000016ba       0x1c /Applications/microchip/xc8/v3.10/avr/bin/../lib/gcc/avr/5.4.0/../../../../avr/lib/avrxmega3/libc.a(strlen.o)
                0x00000000000016ba                strlen

.text.timer_init
                0x00000000000016d6       0x1a
 .text.timer_init
                0x00000000000016d6       0x1a CMakeFiles/rec_001_default_default_XC8_compile.dir/Users/jenil/Credo/rec-001/rec-001.X/firmware/timer.c.o
                0x00000000000016d6                timer_init

.text.motor_init
                0x00000000000016f0       0x16
 .text.motor_init
                0x00000000000016f0       0x16 CMakeFiles/rec_001_default_default_XC8_compile.dir/Users/jenil/Credo/rec-001/rec-001.X/firmware/main.c.o
                0x00000000000016f0                motor_init

.text.exit      0x0000000000001706       0x16
 .text.exit     0x0000000000001706       0x16 /Applications/microchip/xc8/v3.10/avr/bin/../lib/gcc/avr/5.4.0/../../../../avr/lib/avrxmega3/libc.a(exit.o)
                0x0000000000001706                exit

.rodata.state_table
                0x000000000080971c       0x16 load address 0x000000000000171c
 .rodata.state_table
                0x000000000080971c       0x16 /Applications/microchip/xc8/v3.10/avr/bin/../lib/gcc/avr/5.4.0/../../../../avr/lib/avrxmega3/libc.a(__printf_core.o)

.text.toupper   0x0000000000001732       0x12
 .text.toupper  0x0000000000001732       0x12 /Applications/microchip/xc8/v3.10/avr/bin/../lib/gcc/avr/5.4.0/../../../../avr/lib/avrxmega3/libc.a(toupper.o)
                0x0000000000001732                toupper

.text.tolower   0x0000000000001744       0x10
 .text.tolower  0x0000000000001744       0x10 /Applications/microchip/xc8/v3.10/avr/bin/../lib/gcc/avr/5.4.0/../../../../avr/lib/avrxmega3/libc.a(tolower.o)
                0x0000000000001744                tolower

.text.disable_pwm
                0x0000000000001754        0xc
 .text.disable_pwm
                0x0000000000001754        0xc CMakeFiles/rec_001_default_default_XC8_compile.dir/Users/jenil/Credo/rec-001/rec-001.X/firmware/main.c.o
                0x0000000000001754                disable_pwm

.text.__vector_29
                0x0000000000001760        0xc
 .text.__vector_29
                0x0000000000001760        0xc CMakeFiles/rec_001_default_default_XC8_compile.dir/Users/jenil/Credo/rec-001/rec-001.X/firmware/uart.c.o
                0x0000000000001760                __vector_29

.rodata.nuls.2781
                0x000000000080976c        0x7 load address 0x000000000000176c
 .rodata.nuls.2781
                0x000000000080976c        0x7 /Applications/microchip/xc8/v3.10/avr/bin/../lib/gcc/avr/5.4.0/../../../../avr/lib/avrxmega3/libc.a(__fmt_s.o)

.rodata.nilstr.2962
                0x0000000000809773        0x6 load address 0x0000000000001773
 .rodata.nilstr.2962
                0x0000000000809773        0x6 /Applications/microchip/xc8/v3.10/avr/bin/../lib/gcc/avr/5.4.0/../../../../avr/lib/avrxmega3/libc.a(__printf_core.o)

.text           0x000000000000177a        0x4
 .text          0x000000000000177a        0x4 /Users/jenil/.mchp_packs/Microchip/ATtiny_DFP/3.2.268/xc8/avr/lib/avrxmega3/crtattiny3217.o
                0x000000000000177a                __vector_20
                0x000000000000177a                __vector_1
                0x000000000000177a                __vector_24
                0x000000000000177a                __vector_12
                0x000000000000177a                __bad_interrupt
                0x000000000000177a                __vector_3
                0x000000000000177a                __vector_23
                0x000000000000177a                __vector_30
                0x000000000000177a                __vector_25
                0x000000000000177a                __vector_11
                0x000000000000177a                __vector_13
                0x000000000000177a                __vector_17
                0x000000000000177a                __vector_19
                0x000000000000177a                __vector_7
                0x000000000000177a                __vector_5
                0x000000000000177a                __vector_4
                0x000000000000177a                __vector_9
                0x000000000000177a                __vector_2
                0x000000000000177a                __vector_21
                0x000000000000177a                __vector_15
                0x000000000000177a                __vector_8
                0x000000000000177a                __vector_26
                0x000000000000177a                __vector_14
                0x000000000000177a                __vector_10
                0x000000000000177a                __vector_16
                0x000000000000177a                __vector_18
                0x000000000000177a                __vector_22

.text._Exit     0x000000000000177e        0x4
 .text._Exit    0x000000000000177e        0x4 /Applications/microchip/xc8/v3.10/avr/bin/../lib/gcc/avr/5.4.0/../../../../avr/lib/avrxmega3/libc.a(_Exit.o)
                0x000000000000177e                _Exit

.text.__dummy_fini
                0x0000000000001782        0x2
 .text.__dummy_fini
                0x0000000000001782        0x2 /Applications/microchip/xc8/v3.10/avr/bin/../lib/gcc/avr/5.4.0/../../../../avr/lib/avrxmega3/libc.a(exit.o)
                0x0000000000001782                _fini

.text.__dummy_funcs_on_exit
                0x0000000000001784        0x2
 .text.__dummy_funcs_on_exit
                0x0000000000001784        0x2 /Applications/microchip/xc8/v3.10/avr/bin/../lib/gcc/avr/5.4.0/../../../../avr/lib/avrxmega3/libc.a(exit.o)
                0x0000000000001784                __funcs_on_exit

.text.__dummy_simulator_exit
                0x0000000000001786        0x2
 .text.__dummy_simulator_exit
                0x0000000000001786        0x2 /Applications/microchip/xc8/v3.10/avr/bin/../lib/gcc/avr/5.4.0/../../../../avr/lib/avrxmega3/libc.a(exit.o)
                0x0000000000001786                __simulator_exit

.data.uart_stdout
                0x0000000000803852       0x10 load address 0x0000000000001788
 .data.uart_stdout
                0x0000000000803852       0x10 CMakeFiles/rec_001_default_default_XC8_compile.dir/Users/jenil/Credo/rec-001/rec-001.X/firmware/main.c.o

.data._stderr   0x0000000000803878        0x2 load address 0x0000000000001798
 .data._stderr  0x0000000000803878        0x2 /Applications/microchip/xc8/v3.10/avr/bin/../lib/gcc/avr/5.4.0/../../../../avr/lib/avrxmega3/libc.a(stderr.o)
                0x0000000000803878                _stderr

.data._stdout   0x000000000080387c        0x2 load address 0x000000000000179a
 .data._stdout  0x000000000080387c        0x2 /Applications/microchip/xc8/v3.10/avr/bin/../lib/gcc/avr/5.4.0/../../../../avr/lib/avrxmega3/libc.a(stdout.o)
                0x000000000080387c                _stdout
